{
  "entrypoint": "index.html",
  "fragments": [],
  "sources": [
    "src/**/*",
    "index.html"
  ],
  "extraDependencies": [
    "bower_components/webcomponentsjs/*.js"
  ],
  "builds": [
    {
      "name": "just-compiled",
      "js": {
        "compile": true
      }
    }
  ]
}